// Jest Snapshot v1, https://goo.gl/fbAQLP

exports[`renders correctly 1`] = `
<div>
  <div
    class="sc-bdvumH fuOCCX"
  >
    Test
  </div>
</div>
`;
