// Jest Snapshot v1, https://goo.gl/fbAQLP

exports[`renders correctly 1`] = `
<div>
  <header
    class="sc-bdvumH kXRUVr"
  >
    Test
  </header>
</div>
`;
