// Jest Snapshot v1, https://goo.gl/fbAQLP

exports[`renders correctly 1`] = `
<div>
  <main
    class="sc-iCfKOy dgWaXE"
  >
    Test
  </main>
</div>
`;
