// Jest Snapshot v1, https://goo.gl/fbAQLP

exports[`renders correctly 1`] = `
<div>
  <span
    class="sc-bdvumH eDHdMN"
  >
    Test
  </span>
</div>
`;
