// Jest Snapshot v1, https://goo.gl/fbAQLP

exports[`renders correctly 1`] = `
<div>
  <button
    class="sc-bdvumH haoqpZ sc-gsDKeI iIPYjV"
    type="button"
  >
    Test
  </button>
</div>
`;
