// Jest Snapshot v1, https://goo.gl/fbAQLP

exports[`renders correctly 1`] = `
<div>
  <h4
    class="sc-bdvumH dNPaQk"
  >
    Test
  </h4>
</div>
`;
